1,Douglas,1, Vista Montana,San Jose,CA,95134,408-777-3214,1,0.8
1,Douglas,1, Vista Montana,San Jose,CA,95134,408-777-3214,1,2.05
2,David,3, Baypointe Parkway,Houston,TX,78970,804-777-2341,2,1.5
2,David,3, Baypointe Parkway,Houston,TX,78970,804-777-2341,2,0.5
3,Hugh,5, Cool Way,Manhattan,NY,67263,708-234-2168,3,1.99
4,Walter,3828, Piermont Dr,Orlando,FL,73498,201-734-7315,,
5,Frank,1609 Far St.,San Diego,CA,29770,201-506-8756,5,0.5
6,Serena,123 Far St.,Las Vegas,Nv,45334,888-605-3479,,
