1,Douglas,1, Vista Montana,San Jose,95134,408-777-3214,1
1,Douglas,1, Vista Montana,San Jose,95134,408-777-3214,1
2,David,3, Baypointe Parkway,Houston,78970,804-777-2341,2
2,David,3, Baypointe Parkway,Houston,78970,804-777-2341,2
3,Hugh,5, Cool Way,Manhattan,67263,708-234-2168,3
5,Frank,1609 Far St.,San Diego,29770,201-506-8756,5
